accelerate==1.13.0
annotated-doc==0.0.5
anyio==4.14.2
certifi==2026.7.22
charset-normalizer==3.4.9
click==8.4.2
colorama==0.4.6
filelock==3.32.2
fsspec==2026.7.0
h11==0.16.0
hf-xet==1.6.0
httpcore==1.0.9
httpx==0.28.1
huggingface_hub==0.36.2
idna==3.18
Jinja2==3.1.6
joblib==1.5.3
llmlingua==0.2.2
markdown-it-py==4.2.0
MarkupSafe==3.0.3
mdurl==0.1.2
mpmath==1.3.0
networkx==3.6.1
nltk==3.9.2
numpy==2.5.1
packaging==26.3
pip @ <LOCAL_FILE_URI>#sha256=3790624780082365f47549d032f3770eeb2b1e8bd1f7b2e02dace1afa361b4ed
psutil==7.2.2
Pygments==2.20.0
PyYAML==6.0.3
regex==2026.7.19
requests==2.34.2
rich==15.0.0
safetensors==0.8.0
setuptools==83.0.0
shellingham==1.5.4
sympy==1.14.0
tiktoken==0.12.0
tokenizers==0.21.4
torch==2.13.0
tqdm==4.70.0
transformers==4.53.3
typer==0.27.1
typing_extensions==4.16.0
urllib3==2.7.0
